---
source: crates/loom-parse/src/lib.rs
expression: chunks
---
[
    CodeChunk {
        language: "yaml",
        content: "title: \"Test\"",
        start_line: 1,
        end_line: 1,
    },
    CodeChunk {
        language: "python",
        content: "#| label: setup\nimport pandas as pd\ndf = pd.read_csv(\"data.csv\")",
        start_line: 7,
        end_line: 9,
    },
    CodeChunk {
        language: "r",
        content: "library(tidyverse)",
        start_line: 15,
        end_line: 15,
    },
]
