---
source: crates/loom-parse/src/lib.rs
expression: chunks
---
[
    CodeChunk {
        language: "python",
        content: "#| label: py-setup\nimport matplotlib.pyplot as plt\nx = range(1, 11)",
        start_line: 7,
        end_line: 9,
    },
    CodeChunk {
        language: "r",
        content: "#| label: r-plot\nlibrary(ggplot2)\ndf <- data.frame(x = 1:10, y = (1:10)^2)",
        start_line: 15,
        end_line: 17,
    },
    CodeChunk {
        language: "python",
        content: "#| label: py-plot\ny = [i**2 for i in x]\nplt.plot(list(x), y)\nplt.show()",
        start_line: 23,
        end_line: 26,
    },
]
